// Jest Snapshot v1, https://goo.gl/fbAQLP

exports[`renders the output of mermaid into the div 1`] = `
<div
  dangerouslySetInnerHTML={
    Object {
      "__html": "mermaid output",
    }
  }
/>
`;
